// Jest Snapshot v1, https://goo.gl/fbAQLP

exports[`<Title/> renders <Title/> component 1`] = `null`;
